// Jest Snapshot v1, https://goo.gl/fbAQLP

exports[`<CategoryList /> renders  <CategoryList /> matches snapshot 1`] = `ShallowWrapper {}`;
