// Jest Snapshot v1, https://goo.gl/fbAQLP

exports[`<CashRequestCard /> renders  <CashRequestCard /> matches snapshot 1`] = `ShallowWrapper {}`;
