// Jest Snapshot v1, https://goo.gl/fbAQLP

exports[`<WalletInfoCard /> renders correctly <WalletInfoCard /> matches snapshot 1`] = `ShallowWrapper {}`;
