// Jest Snapshot v1, https://goo.gl/fbAQLP

exports[`<Sidebar /> renders correctly <Sidebar /> matches snapshot 1`] = `ShallowWrapper {}`;
